Last login: Tue Aug 27 16:35:22 on ttys001

mackennayount@Mackennas-MacBook-Air ~
$ source ~/.bash_profile

mackennayount@Mackennas-MacBook-Air ~
$ micromamba activate bioinfo
(bioinfo) 
mackennayount@Mackennas-MacBook-Air ~
$ doctor.py
# Doctor! Doctor! Give me the news.
# Checking symptoms ...
# bwa           ... OK
# datamash      ... OK
# fastqc -h     ... OK
# hisat2        ... OK
# featureCounts ... OK
# efetch        ... OK
# esearch       ... OK
# samtools      ... OK
# fastq-dump    ... OK
# bowtie2       ... OK
# bcftools      ... OK
# seqtk         ... OK
# seqkit        ... OK
# bio           ... OK
# fastq-dump -X 1 -Z SRR1553591 ... OK
# You are doing well, Majesty!
(bioinfo) 
mackennayount@Mackennas-MacBook-Air ~
$ mkdir ~desktop/yount-bmmb
mkdir: ~desktop: No such file or directory
(bioinfo) 
mackennayount@Mackennas-MacBook-Air ~
$ mkdir ~mackennayount/yount-bmmb
(bioinfo) 
mackennayount@Mackennas-MacBook-Air ~
$ cd yount-bmmb
(bioinfo) 
mackennayount@Mackennas-MacBook-Air ~/yount-bmmb
$ micromamba activate bioinfo
(bioinfo) 
mackennayount@Mackennas-MacBook-Air ~/yount-bmmb
$ 
